Using jconsole: /home/box/j/j9.7/bin/jconsole
Working directory: /workspace/hcalc/verify
Timestamp (PT): 2026-10-07 09:35:53 PDT
HCALC Core present: yes
Foundry load: cite-only (not loaded)
────────────────────────────────────────
HCALC — Verification Harness (production)
═══════════════════════════════════════
jconsole: j9.7.1/j64/linux/commercial/www.jsoftware.com/2026-04-06T04:00:54/clang-14-0-0/SLEEF=0
core: present (../j/hcalc.ijs)
rule: measured PASS only; no Foundry load; no fake PASS

── H-* properties + registry ──
PASS H-A1
PASS H-A2
PASS H-A3
PASS H-A4
SKIP H-A5: PMAT unused in production ℝ path
PASS H-A6
PASS H-A7
PASS H-SHAPE
PASS H-L5
PASS H-NEST
SKIP SKIP-ShapeBridge: closed — see H-SHAPE InstanceBridge
SKIP SKIP-Λm-formula: closed — see lam_m_from_bound
SKIP SKIP-C-instep: closed — see H-A3 (≠ soft_project#43)
SKIP SKIP-Tp-law: closed — see H-A1/H-A2
SKIP SKIP-Ξ-op: closed — see hcalc_xi_apply
SKIP SKIP-OptObj: closed — see H-NEST residual
SKIP SKIP-L5-proof: closed — see H-L5
SKIP SKIP-Goldilocks16: Foundry prop 16 FAIL — do not claim PASS lift

═══════════════════════════════════════
PASS=9 FAIL=0 SKIP=9 BLOCKED=0
────────────────────────────────────────
exit_code=0
log=logs/run-20261007-093553.log
